function a = long_comment
    a = 1;

    % a long comment a long comment a long comment a long comment a
    % long comment a long comment a long comment a long comment a long
    % comment a long comment a long comment a long comment a long
    % comment a long comment a long comment
end
